
> portfolio@0.0.0 build
> vite build

[36mvite v5.4.21 [32mbuilding for production...[36m[39m
transforming...
[32mΓ£ô[39m 3 modules transformed.
node.exe : [31mx[39m 
Build failed in 1.84s
At line:1 char:1
+ & "C:\Program 
Files\nodejs/node.exe" 
"C:\Program 
Files\nodejs/node_mo 
...
+ ~~~~~~~~~~~~~~~~~~~~~
~~~~~~~~~~~~~~~~~~~~~~~
~~~~~~~~~~~~~~~~~~~~~~~
~~
    + CategoryInfo     
         : NotSpecifi  
  ed: ([31mx[39m B   
 uild failed in 1.8    
4s:String) [], Rem    
oteException
    + FullyQualifiedEr 
   rorId : NativeComm  
  andError
 
[31merror during 
build:
[31m[vite:css] 
[postcss] C:/Users/9182
0/.gemini/antigravity/s
cratch/portfolio/style.
css:34:5: The 
`bg-surface/50` class 
does not exist. If 
`bg-surface/50` is a 
custom class, make 
sure it is defined 
within a `@layer` 
directive.[31m
file: [36mC:/Users/918
20/.gemini/antigravity/
scratch/portfolio/style
.css:34:4[31m
    at Input.error (C:\
Users\91820\.gemini\ant
igravity\scratch\portfo
lio\node_modules\postcs
s\lib\input.js:135:16)
    at AtRule.error (C:
\Users\91820\.gemini\an
tigravity\scratch\portf
olio\node_modules\postc
ss\lib\node.js:146:32)
    at processApply (C:
\Users\91820\.gemini\an
tigravity\scratch\portf
olio\node_modules\tailw
indcss\lib\lib\expandAp
plyAtRules.js:380:29)
    at C:\Users\91820\.
gemini\antigravity\scra
tch\portfolio\node_modu
les\tailwindcss\lib\lib
\expandApplyAtRules.js:
551:9
    at C:\Users\91820\.
gemini\antigravity\scra
tch\portfolio\node_modu
les\tailwindcss\lib\pro
cessTailwindFeatures.js
:55:50
    at async plugins (C
:\Users\91820\.gemini\a
ntigravity\scratch\port
folio\node_modules\tail
windcss\lib\plugin.js:3
8:17)
    at async 
LazyResult.runAsync (C:
\Users\91820\.gemini\an
tigravity\scratch\portf
olio\node_modules\postc
ss\lib\lazy-result.js:2
93:11)
    at async 
compileCSS (file:///C:/
Users/91820/.gemini/ant
igravity/scratch/portfo
lio/node_modules/vite/d
ist/node/chunks/dep-BK3
b2jBa.js:36898:21)
    at async 
Object.transform (file:
///C:/Users/91820/.gemi
ni/antigravity/scratch/
portfolio/node_modules/
vite/dist/node/chunks/d
ep-BK3b2jBa.js:36171:11
)
    at async transform 
(file:///C:/Users/91820
/.gemini/antigravity/sc
ratch/portfolio/node_mo
dules/rollup/dist/es/sh
ared/node-entry.js:2131
6:16)[39m
